[2026-03-08 23:01:21] error_function error: ValueError. Inputs: (), {}
[2026-03-08 23:04:54] error_function error: ValueError. Inputs: (), {}
[2026-03-08 23:07:04] error_function error: ValueError. Inputs: (), {}
[2026-03-08 23:11:58] error_function error: ValueError. Inputs: (), {}
[2026-03-08 23:15:02] error_function error: ValueError. Inputs: (), {}
[2026-03-08 23:26:23] error_function error: ValueError. Inputs: (), {}
[2026-03-09 00:35:15] error_function error: ValueError. Inputs: (), {}
[2026-03-09 00:35:26] error_function error: ValueError. Inputs: (), {}
[2026-03-09 01:55:40] error_function error: ValueError. Inputs: (), {}
[2026-03-09 02:45:23] error_function error: ValueError. Inputs: (), {}
[2026-03-16 00:24:22] error_function error: ValueError. Inputs: (), {}
[2026-03-16 00:27:25] error_function error: ValueError. Inputs: (), {}
[2026-03-16 01:06:44] error_function error: ValueError. Inputs: (), {}
[2026-03-16 01:09:50] error_function error: ValueError. Inputs: (), {}
[2026-03-16 09:48:09] error_function error: ValueError. Inputs: (), {}
[2026-03-16 18:56:07] error_function error: ValueError. Inputs: (), {}
[2026-03-16 19:06:00] error_function error: ValueError. Inputs: (), {}
[2026-03-16 20:26:43] error_function error: ValueError. Inputs: (), {}
[2026-03-16 20:27:08] error_function error: ValueError. Inputs: (), {}
